127.0.0.1 - - [26/Aug/2022:09:29:21 +0900] "GET / HTTP/1.1" 404 1074
0:0:0:0:0:0:0:1 - - [26/Aug/2022:09:29:26 +0900] "GET /ServletTest2/T12ImageServlet HTTP/1.1" 200 8273174
0:0:0:0:0:0:0:1 - - [26/Aug/2022:09:29:26 +0900] "GET /favicon.ico HTTP/1.1" 404 1085
127.0.0.1 - - [26/Aug/2022:10:46:17 +0900] "GET / HTTP/1.1" 404 1074
0:0:0:0:0:0:0:1 - - [26/Aug/2022:10:46:19 +0900] "GET /ServletExam/member/list.co HTTP/1.1" 404 1108
0:0:0:0:0:0:0:1 - - [26/Aug/2022:10:46:20 +0900] "GET /ServletExam/member/list.co HTTP/1.1" 404 1108
0:0:0:0:0:0:0:1 - - [26/Aug/2022:10:46:35 +0900] "GET /ServletExam/member/list.co HTTP/1.1" 404 1108
127.0.0.1 - - [26/Aug/2022:10:46:52 +0900] "GET / HTTP/1.1" 404 1074
0:0:0:0:0:0:0:1 - - [26/Aug/2022:10:47:00 +0900] "GET /ServletExam/member/list.co HTTP/1.1" 404 1108
0:0:0:0:0:0:0:1 - - [26/Aug/2022:10:47:53 +0900] "GET /ServletExam/member/list.co HTTP/1.1" 404 1108
0:0:0:0:0:0:0:1 - - [26/Aug/2022:10:48:17 +0900] "GET /ServletExam//member/list.do HTTP/1.1" 200 364
127.0.0.1 - - [26/Aug/2022:10:52:24 +0900] "GET / HTTP/1.1" 404 1074
0:0:0:0:0:0:0:1 - - [26/Aug/2022:10:52:25 +0900] "GET /ServletExam/view/member/list.jsp HTTP/1.1" 200 364
0:0:0:0:0:0:0:1 - - [26/Aug/2022:10:52:31 +0900] "GET /ServletExam/view/member/list.jsp HTTP/1.1" 200 364
0:0:0:0:0:0:0:1 - - [26/Aug/2022:10:52:32 +0900] "GET /favicon.ico HTTP/1.1" 404 1085
0:0:0:0:0:0:0:1 - - [26/Aug/2022:10:52:53 +0900] "GET /ServletExam/view/member/list.jsp HTTP/1.1" 200 364
0:0:0:0:0:0:0:1 - - [26/Aug/2022:10:53:01 +0900] "GET /ServletExam/view/member/list.jsp HTTP/1.1" 200 364
0:0:0:0:0:0:0:1 - - [26/Aug/2022:10:53:01 +0900] "GET /favicon.ico HTTP/1.1" 404 1085
127.0.0.1 - - [26/Aug/2022:11:12:44 +0900] "GET / HTTP/1.1" 404 1074
0:0:0:0:0:0:0:1 - - [26/Aug/2022:11:12:49 +0900] "GET /ServletExam//member/list.do HTTP/1.1" 200 1291
127.0.0.1 - - [26/Aug/2022:11:17:52 +0900] "GET / HTTP/1.1" 404 1074
0:0:0:0:0:0:0:1 - - [26/Aug/2022:11:17:58 +0900] "GET /ServletExam//member/list.do HTTP/1.1" 500 4411
127.0.0.1 - - [26/Aug/2022:11:18:55 +0900] "GET / HTTP/1.1" 404 1074
0:0:0:0:0:0:0:1 - - [26/Aug/2022:11:18:57 +0900] "GET /ServletExam//member/list.do HTTP/1.1" 200 1291
127.0.0.1 - - [26/Aug/2022:11:42:27 +0900] "GET / HTTP/1.1" 404 1074
0:0:0:0:0:0:0:1 - - [26/Aug/2022:11:42:32 +0900] "GET /ServletExam//member/list.do HTTP/1.1" 200 1291
127.0.0.1 - - [26/Aug/2022:11:42:40 +0900] "GET / HTTP/1.1" 404 1074
0:0:0:0:0:0:0:1 - - [26/Aug/2022:11:43:03 +0900] "GET /ServletExam//member/insert.do HTTP/1.1" 404 1123
127.0.0.1 - - [26/Aug/2022:11:43:08 +0900] "GET / HTTP/1.1" 404 1074
0:0:0:0:0:0:0:1 - - [26/Aug/2022:11:43:10 +0900] "GET /ServletExam//member/insert.do HTTP/1.1" 404 1123
0:0:0:0:0:0:0:1 - - [26/Aug/2022:11:43:12 +0900] "GET /ServletExam//member/insert.do HTTP/1.1" 404 1123
0:0:0:0:0:0:0:1 - - [26/Aug/2022:11:43:41 +0900] "GET /ServletExam/member/insert.do HTTP/1.1" 404 1123
0:0:0:0:0:0:0:1 - - [26/Aug/2022:11:43:43 +0900] "GET /ServletExam/member/insert.do HTTP/1.1" 404 1123
127.0.0.1 - - [26/Aug/2022:11:44:11 +0900] "GET / HTTP/1.1" 404 1074
0:0:0:0:0:0:0:1 - - [26/Aug/2022:11:44:13 +0900] "GET /ServletExam/member/insert.do HTTP/1.1" 404 1123
0:0:0:0:0:0:0:1 - - [26/Aug/2022:11:44:15 +0900] "GET /ServletExam/member/insert.do HTTP/1.1" 404 1123
127.0.0.1 - - [26/Aug/2022:11:44:50 +0900] "GET / HTTP/1.1" 404 1074
0:0:0:0:0:0:0:1 - - [26/Aug/2022:11:44:54 +0900] "GET /ServletExam/member/insert.do HTTP/1.1" 200 777
0:0:0:0:0:0:0:1 - - [26/Aug/2022:11:45:14 +0900] "GET /ServletExam/member/insert.do?memId=%EB%82%98%EB%8A%94%EB%AC%B4%EB%84%88&memName=%EA%BE%B8%EB%AF%88+%EA%BE%B8%EB%8A%94%EB%AC%B4%EB%84%88%7E&memTel=5555&memAddr=66666 HTTP/1.1" 200 777
0:0:0:0:0:0:0:1 - - [26/Aug/2022:11:48:28 +0900] "GET /ServletExam/member/list.do HTTP/1.1" 200 1291
0:0:0:0:0:0:0:1 - - [26/Aug/2022:11:48:35 +0900] "GET /ServletExam/member/insert.do?memId=%EB%82%98%EB%8A%94%EB%AC%B4%EB%84%88&memName=%EA%BE%B8%EB%AF%88+%EA%BE%B8%EB%8A%94%EB%AC%B4%EB%84%88%7E&memTel=5555&memAddr=66666 HTTP/1.1" 200 777
0:0:0:0:0:0:0:1 - - [26/Aug/2022:11:48:36 +0900] "GET /ServletExam/member/insert.do?memId=&memName=&memTel=&memAddr= HTTP/1.1" 200 777
0:0:0:0:0:0:0:1 - - [26/Aug/2022:11:48:37 +0900] "GET /ServletExam/member/insert.do?memId=&memName=&memTel=&memAddr= HTTP/1.1" 200 777
0:0:0:0:0:0:0:1 - - [26/Aug/2022:11:48:38 +0900] "GET /ServletExam/member/insert.do?memId=&memName=&memTel=&memAddr= HTTP/1.1" 200 777
0:0:0:0:0:0:0:1 - - [26/Aug/2022:11:48:38 +0900] "GET /ServletExam/member/insert.do?memId=&memName=&memTel=&memAddr= HTTP/1.1" 200 777
0:0:0:0:0:0:0:1 - - [26/Aug/2022:11:52:15 +0900] "GET /ServletExam/view/member/list.jsp HTTP/1.1" 500 2367
0:0:0:0:0:0:0:1 - - [26/Aug/2022:11:52:16 +0900] "GET /favicon.ico HTTP/1.1" 404 1085
0:0:0:0:0:0:0:1 - - [26/Aug/2022:11:52:27 +0900] "GET /ServletExam/member/list.do HTTP/1.1" 200 1291
127.0.0.1 - - [26/Aug/2022:12:07:20 +0900] "GET / HTTP/1.1" 404 1074
127.0.0.1 - - [26/Aug/2022:12:07:25 +0900] "GET / HTTP/1.1" 404 1074
0:0:0:0:0:0:0:1 - - [26/Aug/2022:12:07:41 +0900] "GET /ServletExam/member/insert.do?memId=%EC%95%84%EC%9D%B4%EB%94%94&memName=%EC%9D%B4%EB%A6%84&memTel=%EC%A0%84%ED%99%94%EB%B2%88%ED%98%B8&memAddr=%EC%A3%BC%EC%86%9F HTTP/1.1" 200 777
0:0:0:0:0:0:0:1 - - [26/Aug/2022:12:07:53 +0900] "GET /ServletExam/member/list.do HTTP/1.1" 200 1291
0:0:0:0:0:0:0:1 - - [26/Aug/2022:12:07:56 +0900] "GET /ServletExam/member/list.do HTTP/1.1" 200 1291
0:0:0:0:0:0:0:1 - - [26/Aug/2022:12:07:56 +0900] "GET /ServletExam/member/list.do HTTP/1.1" 200 1291
127.0.0.1 - - [26/Aug/2022:12:11:29 +0900] "GET / HTTP/1.1" 404 1074
0:0:0:0:0:0:0:1 - - [26/Aug/2022:12:11:38 +0900] "GET /ServletExam/member/insert.do HTTP/1.1" 200 791
0:0:0:0:0:0:0:1 - - [26/Aug/2022:12:11:47 +0900] "POST /ServletExam/member/insert.do HTTP/1.1" 500 5068
127.0.0.1 - - [26/Aug/2022:12:15:06 +0900] "GET / HTTP/1.1" 404 1074
0:0:0:0:0:0:0:1 - - [26/Aug/2022:12:15:08 +0900] "GET /ServletExam/member/insert.do HTTP/1.1" 200 791
0:0:0:0:0:0:0:1 - - [26/Aug/2022:12:15:12 +0900] "POST /ServletExam/member/insert.do HTTP/1.1" 200 1382
127.0.0.1 - - [26/Aug/2022:12:21:38 +0900] "GET / HTTP/1.1" 404 1074
0:0:0:0:0:0:0:1 - - [26/Aug/2022:12:21:45 +0900] "GET /ServletExam/member/insert.do HTTP/1.1" 200 791
0:0:0:0:0:0:0:1 - - [26/Aug/2022:12:21:49 +0900] "POST /ServletExam/member/insert.do HTTP/1.1" 500 4963
0:0:0:0:0:0:0:1 - - [26/Aug/2022:12:21:53 +0900] "GET /ServletExam/member/insert.do HTTP/1.1" 200 791
0:0:0:0:0:0:0:1 - - [26/Aug/2022:12:22:09 +0900] "POST /ServletExam/member/insert.do HTTP/1.1" 200 -
0:0:0:0:0:0:0:1 - - [26/Aug/2022:12:22:33 +0900] "POST /ServletExam/member/insert.do HTTP/1.1" 500 4963
0:0:0:0:0:0:0:1 - - [26/Aug/2022:12:22:35 +0900] "POST /ServletExam/member/insert.do HTTP/1.1" 500 4963
0:0:0:0:0:0:0:1 - - [26/Aug/2022:12:22:37 +0900] "GET /ServletExam/member/insert.do HTTP/1.1" 200 791
0:0:0:0:0:0:0:1 - - [26/Aug/2022:12:22:45 +0900] "POST /ServletExam/member/insert.do HTTP/1.1" 500 4963
0:0:0:0:0:0:0:1 - - [26/Aug/2022:12:22:47 +0900] "GET /ServletExam/member/insert.do HTTP/1.1" 200 791
0:0:0:0:0:0:0:1 - - [26/Aug/2022:12:22:50 +0900] "POST /ServletExam/member/insert.do HTTP/1.1" 200 -
0:0:0:0:0:0:0:1 - - [26/Aug/2022:12:23:07 +0900] "GET /ServletExam/member/list.do HTTP/1.1" 200 1586
0:0:0:0:0:0:0:1 - - [26/Aug/2022:12:23:27 +0900] "GET /ServletExam/member/list.do HTTP/1.1" 200 1586
127.0.0.1 - - [26/Aug/2022:12:24:52 +0900] "GET / HTTP/1.1" 404 1074
0:0:0:0:0:0:0:1 - - [26/Aug/2022:12:25:01 +0900] "GET /ServletExam/member/insert.do HTTP/1.1" 200 791
0:0:0:0:0:0:0:1 - - [26/Aug/2022:12:25:08 +0900] "POST /ServletExam/member/insert.do HTTP/1.1" 500 4963
0:0:0:0:0:0:0:1 - - [26/Aug/2022:12:25:11 +0900] "GET /ServletExam/member/insert.do HTTP/1.1" 200 791
0:0:0:0:0:0:0:1 - - [26/Aug/2022:12:25:27 +0900] "POST /ServletExam/member/insert.do HTTP/1.1" 500 5065
0:0:0:0:0:0:0:1 - - [26/Aug/2022:12:25:44 +0900] "GET /ServletExam/member/list.do HTTP/1.1" 200 1586
0:0:0:0:0:0:0:1 - - [26/Aug/2022:12:25:50 +0900] "GET /ServletExam/member/insert.do HTTP/1.1" 200 791
0:0:0:0:0:0:0:1 - - [26/Aug/2022:12:25:56 +0900] "POST /ServletExam/member/insert.do HTTP/1.1" 302 -
0:0:0:0:0:0:0:1 - - [26/Aug/2022:12:25:56 +0900] "GET /ServletExam/member/list,do HTTP/1.1" 404 1108
0:0:0:0:0:0:0:1 - - [26/Aug/2022:12:26:12 +0900] "GET /ServletExam/member/list.do HTTP/1.1" 200 1677
0:0:0:0:0:0:0:1 - - [26/Aug/2022:12:26:47 +0900] "GET /ServletExam/member/insert.do HTTP/1.1" 200 791
0:0:0:0:0:0:0:1 - - [26/Aug/2022:12:26:56 +0900] "POST /ServletExam/member/insert.do HTTP/1.1" 302 -
0:0:0:0:0:0:0:1 - - [26/Aug/2022:12:26:56 +0900] "GET /ServletExam/member/list,do HTTP/1.1" 404 1108
0:0:0:0:0:0:0:1 - - [26/Aug/2022:12:27:33 +0900] "GET /ServletExam/member/list.do HTTP/1.1" 200 1775
0:0:0:0:0:0:0:1 - - [26/Aug/2022:12:27:37 +0900] "GET /ServletExam/member/insert.do HTTP/1.1" 200 791
0:0:0:0:0:0:0:1 - - [26/Aug/2022:12:27:45 +0900] "POST /ServletExam/member/insert.do HTTP/1.1" 302 -
0:0:0:0:0:0:0:1 - - [26/Aug/2022:12:27:45 +0900] "GET /ServletExam/member/list.do HTTP/1.1" 200 1884
127.0.0.1 - - [26/Aug/2022:12:45:51 +0900] "GET / HTTP/1.1" 404 1074
0:0:0:0:0:0:0:1 - - [26/Aug/2022:12:45:58 +0900] "GET /ServletExam/member/list.do HTTP/1.1" 200 1884
0:0:0:0:0:0:0:1 - - [26/Aug/2022:12:46:06 +0900] "GET /ServletExam/member/insert.do HTTP/1.1" 200 791
0:0:0:0:0:0:0:1 - - [26/Aug/2022:12:46:29 +0900] "POST /ServletExam/member/insert.do HTTP/1.1" 302 -
0:0:0:0:0:0:0:1 - - [26/Aug/2022:12:46:29 +0900] "GET /ServletExam/member/list.do HTTP/1.1" 200 1991
